---
source: cynic/tests/mutation_generics.rs
assertion_line: 75
expression: operation.query
---
mutation($input: SignInInput!) {
  signIn(input: $input)
}


