---
source: cynic-querygen/tests/misc-tests.rs
expression: "document_to_fragment_structs(query, schema,\n        &QueryGenOptions::default()).expect(\"QueryGen Failed\")"
---
#[cynic::schema_for_derives(
    file = r#"schema.graphql"#,
    module = "schema",
)]
mod queries {
    use super::schema;

    #[derive(cynic::QueryVariables, Debug)]
    pub struct SignInVariables<'a> {
        pub password: &'a str,
        pub username: &'a str,
    }

    #[derive(cynic::QueryFragment, Debug)]
    #[cynic(graphql_type = "MutationRoot", variables = "SignInVariables")]
    pub struct SignIn {
        #[arguments(input: { password: $password, username: $username })]
        pub sign_in: String,
    }

}

#[allow(non_snake_case, non_camel_case_types)]
mod schema {
    cynic::use_schema!(r#"schema.graphql"#);
}


